Using pip 26.2.1 from C:\Users\AmirHossein\AppData\Local\Programs\Python\Python310\lib\site-packages\pip (python 3.10)
Collecting git+https://github.com/sybrenstuvel/Python-RVO2.git
  Cloning https://github.com/sybrenstuvel/Python-RVO2.git to C:\Users\AmirHossein\AppData\Local\Temp\pip-req-build-ghfvg1mc
  Running command git version
  git version 2.55.0.windows.5
  Running command git clone --filter=blob:none https://github.com/sybrenstuvel/Python-RVO2.git 'C:\Users\AmirHossein\AppData\Local\Temp\pip-req-build-ghfvg1mc'
  Cloning into 'C:\Users\AmirHossein\AppData\Local\Temp\pip-req-build-ghfvg1mc'...
  Updating files:   3% (1/33)
  Updating files:   6% (2/33)
  Updating files:   9% (3/33)
  Updating files:  12% (4/33)
  Updating files:  15% (5/33)
  Updating files:  18% (6/33)
  Updating files:  21% (7/33)
  Updating files:  24% (8/33)
  Updating files:  27% (9/33)
  Updating files:  30% (10/33)
  Updating files:  33% (11/33)
  Updating files:  36% (12/33)
  Updating files:  39% (13/33)
  Updating files:  42% (14/33)
  Updating files:  45% (15/33)
  Updating files:  48% (16/33)
  Updating files:  51% (17/33)
  Updating files:  54% (18/33)
  Updating files:  57% (19/33)
  Updating files:  60% (20/33)
  Updating files:  63% (21/33)
  Updating files:  66% (22/33)
  Updating files:  69% (23/33)
  Updating files:  72% (24/33)
  Updating files:  75% (25/33)
  Updating files:  78% (26/33)
  Updating files:  81% (27/33)
  Updating files:  84% (28/33)
  Updating files:  87% (29/33)
  Updating files:  90% (30/33)
  Updating files:  93% (31/33)
  Updating files:  96% (32/33)
  Updating files: 100% (33/33)
  Updating files: 100% (33/33), done.
  Running command git rev-parse HEAD
  c2c46ba8d59556aa10faf03479293236efea154d
  Resolved https://github.com/sybrenstuvel/Python-RVO2.git to commit c2c46ba8d59556aa10faf03479293236efea154d
  Running command git rev-parse HEAD
  c2c46ba8d59556aa10faf03479293236efea154d
  Preparing metadata (pyproject.toml): started
  Running command Preparing metadata (pyproject.toml)
  C:\Users\AmirHossein\AppData\Local\Programs\Python\Python310\lib\site-packages\Cython\Compiler\Main.py:369: FutureWarning: Cython directive 'language_level' not set, using 2 for now (Py2). This will change in a later release! File: C:\Users\AmirHossein\AppData\Local\Temp\pip-req-build-ghfvg1mc\src\rvo2.pyx
    tree = Parsing.p_module(s, pxd, full_module_name)
  Compiling src\rvo2.pyx because it changed.
  [1/1] Cythonizing src\rvo2.pyx
  running dist_info
  creating C:\Users\AmirHossein\AppData\Local\Temp\pip-modern-metadata-4qjhpeac\pyrvo2.egg-info
  writing C:\Users\AmirHossein\AppData\Local\Temp\pip-modern-metadata-4qjhpeac\pyrvo2.egg-info\PKG-INFO
  writing dependency_links to C:\Users\AmirHossein\AppData\Local\Temp\pip-modern-metadata-4qjhpeac\pyrvo2.egg-info\dependency_links.txt
  writing top-level names to C:\Users\AmirHossein\AppData\Local\Temp\pip-modern-metadata-4qjhpeac\pyrvo2.egg-info\top_level.txt
  writing manifest file 'C:\Users\AmirHossein\AppData\Local\Temp\pip-modern-metadata-4qjhpeac\pyrvo2.egg-info\SOURCES.txt'
  reading manifest file 'C:\Users\AmirHossein\AppData\Local\Temp\pip-modern-metadata-4qjhpeac\pyrvo2.egg-info\SOURCES.txt'
  adding license file 'LICENSE'
  writing manifest file 'C:\Users\AmirHossein\AppData\Local\Temp\pip-modern-metadata-4qjhpeac\pyrvo2.egg-info\SOURCES.txt'
  creating 'C:\Users\AmirHossein\AppData\Local\Temp\pip-modern-metadata-4qjhpeac\pyrvo2-0.0.0.dist-info'
  Preparing metadata (pyproject.toml): finished with status 'done'
Building wheels for collected packages: pyrvo2
  Building wheel for pyrvo2 (pyproject.toml): started
  Running command Building wheel for pyrvo2 (pyproject.toml)
  running bdist_wheel
  running build
  running build_ext
  -- Building for: Visual Studio 17 2022
  CMake Deprecation Warning at CMakeLists.txt:33 (cmake_minimum_required):
    Compatibility with CMake < 3.10 will be removed from a future version of
    CMake.

    Update the VERSION argument <min> value.  Or, use the <min>...<max> syntax
    to tell CMake that the project requires at least <min> but has been updated
    to work with policies introduced by <max> or earlier.


  -- Selecting Windows SDK version 10.0.26100.0 to target Windows 10.0.22631.
  -- The C compiler identification is MSVC 19.44.35228.0
  -- The CXX compiler identification is MSVC 19.44.35228.0
  -- Detecting C compiler ABI info
  -- Detecting C compiler ABI info - done
  -- Check for working C compiler: C:/Program Files (x86)/Microsoft Visual Studio/2022/BuildTools/VC/Tools/MSVC/14.44.35207/bin/Hostx64/x64/cl.exe - skipped
  -- Detecting C compile features
  -- Detecting C compile features - done
  -- Detecting CXX compiler ABI info
  -- Detecting CXX compiler ABI info - done
  -- Check for working CXX compiler: C:/Program Files (x86)/Microsoft Visual Studio/2022/BuildTools/VC/Tools/MSVC/14.44.35207/bin/Hostx64/x64/cl.exe - skipped
  -- Detecting CXX compile features
  -- Detecting CXX compile features - done
  -- Configuring done (7.8s)
  -- Generating done (0.1s)
  -- Build files have been written to: C:/Users/AmirHossein/AppData/Local/Temp/pip-req-build-ghfvg1mc/build/RVO2
  MSBuild version 17.14.51+25f168cee for .NET Framework

    1>Checking Build System
    Building Custom Rule C:/Users/AmirHossein/AppData/Local/Temp/pip-req-build-ghfvg1mc/src/CMakeLists.txt
  cl : command line  warning D9002: ignoring unknown option '-fPIC' [C:\Users\AmirHossein\AppData\Local\Temp\pip-req-build-ghfvg1mc\build\RVO2\src\RVO.vcxproj]
    Agent.cpp
    KdTree.cpp
  C:\Program Files (x86)\Microsoft Visual Studio\2022\BuildTools\VC\Tools\MSVC\14.44.35207\include\__msvc_ostream.hpp(781,9): warning C4530: C++ exception handler used, but unwind semantics are not enabled. Specify /EHsc [C:\Users\AmirHossein\AppData\Local\Temp\pip-req-build-ghfvg1mc\build\RVO2\src\RVO.vcxproj]
    (compiling source file '../../../src/Agent.cpp')
        C:\Program Files (x86)\Microsoft Visual Studio\2022\BuildTools\VC\Tools\MSVC\14.44.35207\include\__msvc_ostream.hpp(781,9):
        the template instantiation context (the oldest one first) is
            C:\Users\AmirHossein\AppData\Local\Temp\pip-req-build-ghfvg1mc\src\Vector2.h(273,6):
            see reference to function template instantiation 'std::basic_ostream<char,std::char_traits<char>> &std::operator <<<std::char_traits<char>>(std::basic_ostream<char,std::char_traits<char>> &,const char *)' being compiled

  C:\Program Files (x86)\Microsoft Visual Studio\2022\BuildTools\VC\Tools\MSVC\14.44.35207\include\__msvc_ostream.hpp(781,9): warning C4530: C++ exception handler used, but unwind semantics are not enabled. Specify /EHsc [C:\Users\AmirHossein\AppData\Local\Temp\pip-req-build-ghfvg1mc\build\RVO2\src\RVO.vcxproj]
    (compiling source file '../../../src/KdTree.cpp')
        C:\Program Files (x86)\Microsoft Visual Studio\2022\BuildTools\VC\Tools\MSVC\14.44.35207\include\__msvc_ostream.hpp(781,9):
        the template instantiation context (the oldest one first) is
            C:\Users\AmirHossein\AppData\Local\Temp\pip-req-build-ghfvg1mc\src\Vector2.h(273,6):
            see reference to function template instantiation 'std::basic_ostream<char,std::char_traits<char>> &std::operator <<<std::char_traits<char>>(std::basic_ostream<char,std::char_traits<char>> &,const char *)' being compiled

    Obstacle.cpp
  C:\Program Files (x86)\Microsoft Visual Studio\2022\BuildTools\VC\Tools\MSVC\14.44.35207\include\__msvc_ostream.hpp(781,9): warning C4530: C++ exception handler used, but unwind semantics are not enabled. Specify /EHsc [C:\Users\AmirHossein\AppData\Local\Temp\pip-req-build-ghfvg1mc\build\RVO2\src\RVO.vcxproj]
    (compiling source file '../../../src/Obstacle.cpp')
        C:\Program Files (x86)\Microsoft Visual Studio\2022\BuildTools\VC\Tools\MSVC\14.44.35207\include\__msvc_ostream.hpp(781,9):
        the template instantiation context (the oldest one first) is
            C:\Users\AmirHossein\AppData\Local\Temp\pip-req-build-ghfvg1mc\src\Vector2.h(273,6):
            see reference to function template instantiation 'std::basic_ostream<char,std::char_traits<char>> &std::operator <<<std::char_traits<char>>(std::basic_ostream<char,std::char_traits<char>> &,const char *)' being compiled

    RVOSimulator.cpp
  C:\Program Files (x86)\Microsoft Visual Studio\2022\BuildTools\VC\Tools\MSVC\14.44.35207\include\__msvc_ostream.hpp(781,9): warning C4530: C++ exception handler used, but unwind semantics are not enabled. Specify /EHsc [C:\Users\AmirHossein\AppData\Local\Temp\pip-req-build-ghfvg1mc\build\RVO2\src\RVO.vcxproj]
    (compiling source file '../../../src/RVOSimulator.cpp')
        C:\Program Files (x86)\Microsoft Visual Studio\2022\BuildTools\VC\Tools\MSVC\14.44.35207\include\__msvc_ostream.hpp(781,9):
        the template instantiation context (the oldest one first) is
            C:\Users\AmirHossein\AppData\Local\Temp\pip-req-build-ghfvg1mc\src\Vector2.h(273,6):
            see reference to function template instantiation 'std::basic_ostream<char,std::char_traits<char>> &std::operator <<<std::char_traits<char>>(std::basic_ostream<char,std::char_traits<char>> &,const char *)' being compiled

    Generating Code...
    RVO.vcxproj -> C:\Users\AmirHossein\AppData\Local\Temp\pip-req-build-ghfvg1mc\build\RVO2\src\Debug\RVO.lib
    Building Custom Rule C:/Users/AmirHossein/AppData/Local/Temp/pip-req-build-ghfvg1mc/examples/CMakeLists.txt
  cl : command line  warning D9002: ignoring unknown option '-fPIC' [C:\Users\AmirHossein\AppData\Local\Temp\pip-req-build-ghfvg1mc\build\RVO2\examples\Blocks.vcxproj]
    Blocks.cpp
  C:\Program Files (x86)\Microsoft Visual Studio\2022\BuildTools\VC\Tools\MSVC\14.44.35207\include\__msvc_ostream.hpp(781,9): warning C4530: C++ exception handler used, but unwind semantics are not enabled. Specify /EHsc [C:\Users\AmirHossein\AppData\Local\Temp\pip-req-build-ghfvg1mc\build\RVO2\examples\Blocks.vcxproj]
    (compiling source file '../../../examples/Blocks.cpp')
        C:\Program Files (x86)\Microsoft Visual Studio\2022\BuildTools\VC\Tools\MSVC\14.44.35207\include\__msvc_ostream.hpp(781,9):
        the template instantiation context (the oldest one first) is
            C:\Users\AmirHossein\AppData\Local\Temp\pip-req-build-ghfvg1mc\src\Vector2.h(273,6):
            see reference to function template instantiation 'std::basic_ostream<char,std::char_traits<char>> &std::operator <<<std::char_traits<char>>(std::basic_ostream<char,std::char_traits<char>> &,const char *)' being compiled

    Blocks.vcxproj -> C:\Users\AmirHossein\AppData\Local\Temp\pip-req-build-ghfvg1mc\build\RVO2\examples\Debug\Blocks.exe
    Building Custom Rule C:/Users/AmirHossein/AppData/Local/Temp/pip-req-build-ghfvg1mc/examples/CMakeLists.txt
  cl : command line  warning D9002: ignoring unknown option '-fPIC' [C:\Users\AmirHossein\AppData\Local\Temp\pip-req-build-ghfvg1mc\build\RVO2\examples\Circle.vcxproj]
    Circle.cpp
  C:\Program Files (x86)\Microsoft Visual Studio\2022\BuildTools\VC\Tools\MSVC\14.44.35207\include\__msvc_ostream.hpp(781,9): warning C4530: C++ exception handler used, but unwind semantics are not enabled. Specify /EHsc [C:\Users\AmirHossein\AppData\Local\Temp\pip-req-build-ghfvg1mc\build\RVO2\examples\Circle.vcxproj]
    (compiling source file '../../../examples/Circle.cpp')
        C:\Program Files (x86)\Microsoft Visual Studio\2022\BuildTools\VC\Tools\MSVC\14.44.35207\include\__msvc_ostream.hpp(781,9):
        the template instantiation context (the oldest one first) is
            C:\Users\AmirHossein\AppData\Local\Temp\pip-req-build-ghfvg1mc\src\Vector2.h(273,6):
            see reference to function template instantiation 'std::basic_ostream<char,std::char_traits<char>> &std::operator <<<std::char_traits<char>>(std::basic_ostream<char,std::char_traits<char>> &,const char *)' being compiled

    Circle.vcxproj -> C:\Users\AmirHossein\AppData\Local\Temp\pip-req-build-ghfvg1mc\build\RVO2\examples\Debug\Circle.exe
    Building Custom Rule C:/Users/AmirHossein/AppData/Local/Temp/pip-req-build-ghfvg1mc/examples/CMakeLists.txt
  cl : command line  warning D9002: ignoring unknown option '-fPIC' [C:\Users\AmirHossein\AppData\Local\Temp\pip-req-build-ghfvg1mc\build\RVO2\examples\Roadmap.vcxproj]
    Roadmap.cpp
  C:\Program Files (x86)\Microsoft Visual Studio\2022\BuildTools\VC\Tools\MSVC\14.44.35207\include\__msvc_ostream.hpp(781,9): warning C4530: C++ exception handler used, but unwind semantics are not enabled. Specify /EHsc [C:\Users\AmirHossein\AppData\Local\Temp\pip-req-build-ghfvg1mc\build\RVO2\examples\Roadmap.vcxproj]
    (compiling source file '../../../examples/Roadmap.cpp')
        C:\Program Files (x86)\Microsoft Visual Studio\2022\BuildTools\VC\Tools\MSVC\14.44.35207\include\__msvc_ostream.hpp(781,9):
        the template instantiation context (the oldest one first) is
            C:\Users\AmirHossein\AppData\Local\Temp\pip-req-build-ghfvg1mc\src\Vector2.h(273,6):
            see reference to function template instantiation 'std::basic_ostream<char,std::char_traits<char>> &std::operator <<<std::char_traits<char>>(std::basic_ostream<char,std::char_traits<char>> &,const char *)' being compiled

    Roadmap.vcxproj -> C:\Users\AmirHossein\AppData\Local\Temp\pip-req-build-ghfvg1mc\build\RVO2\examples\Debug\Roadmap.exe
    Building Custom Rule C:/Users/AmirHossein/AppData/Local/Temp/pip-req-build-ghfvg1mc/CMakeLists.txt
  building 'rvo2' extension
  creating build\temp.win-amd64-cpython-310\Release\src
  "C:\Program Files (x86)\Microsoft Visual Studio\2022\BuildTools\VC\Tools\MSVC\14.44.35207\bin\HostX86\x64\cl.exe" /c /nologo /O2 /W3 /GL /DNDEBUG /MD -Isrc -IC:\Users\AmirHossein\AppData\Local\Programs\Python\Python310\include -IC:\Users\AmirHossein\AppData\Local\Programs\Python\Python310\Include "-IC:\Program Files (x86)\Microsoft Visual Studio\2022\BuildTools\VC\Tools\MSVC\14.44.35207\include" "-IC:\Program Files (x86)\Microsoft Visual Studio\2022\BuildTools\VC\Auxiliary\VS\include" "-IC:\Program Files (x86)\Windows Kits\10\include\10.0.26100.0\ucrt" "-IC:\Program Files (x86)\Windows Kits\10\\include\10.0.26100.0\\um" "-IC:\Program Files (x86)\Windows Kits\10\\include\10.0.26100.0\\shared" "-IC:\Program Files (x86)\Windows Kits\10\\include\10.0.26100.0\\winrt" "-IC:\Program Files (x86)\Windows Kits\10\\include\10.0.26100.0\\cppwinrt" "-IC:\Program Files (x86)\Microsoft Visual Studio\2022\BuildTools\VC\Tools\MSVC\14.44.35207\include" "-IC:\Program Files (x86)\Microsoft Visual Studio\2022\BuildTools\VC\Auxiliary\VS\include" "-IC:\Program Files (x86)\Windows Kits\10\include\10.0.26100.0\ucrt" "-IC:\Program Files (x86)\Windows Kits\10\\include\10.0.26100.0\\um" "-IC:\Program Files (x86)\Windows Kits\10\\include\10.0.26100.0\\shared" "-IC:\Program Files (x86)\Windows Kits\10\\include\10.0.26100.0\\winrt" "-IC:\Program Files (x86)\Windows Kits\10\\include\10.0.26100.0\\cppwinrt" /EHsc /Tpsrc\rvo2.cpp /Fobuild\temp.win-amd64-cpython-310\Release\src\rvo2.obj -fPIC
  cl : Command line warning D9002 : ignoring unknown option '-fPIC'
  rvo2.cpp
  creating C:\Users\AmirHossein\AppData\Local\Temp\pip-req-build-ghfvg1mc\build\lib.win-amd64-cpython-310
  "C:\Program Files (x86)\Microsoft Visual Studio\2022\BuildTools\VC\Tools\MSVC\14.44.35207\bin\HostX86\x64\link.exe" /nologo /INCREMENTAL:NO /LTCG /DLL /MANIFEST:EMBED,ID=2 /MANIFESTUAC:NO /LIBPATH:build/RVO2/src /LIBPATH:C:\Users\AmirHossein\AppData\Local\Programs\Python\Python310\libs /LIBPATH:C:\Users\AmirHossein\AppData\Local\Programs\Python\Python310 /LIBPATH:C:\Users\AmirHossein\AppData\Local\Programs\Python\Python310\PCbuild\amd64 "/LIBPATH:C:\Program Files (x86)\Microsoft Visual Studio\2022\BuildTools\VC\Tools\MSVC\14.44.35207\lib\x64" "/LIBPATH:C:\Program Files (x86)\Windows Kits\10\lib\10.0.26100.0\ucrt\x64" "/LIBPATH:C:\Program Files (x86)\Windows Kits\10\\lib\10.0.26100.0\\um\x64" "/LIBPATH:C:\Program Files (x86)\Microsoft Visual Studio\2022\BuildTools\VC\Tools\MSVC\14.44.35207\lib\x64" "/LIBPATH:C:\Program Files (x86)\Windows Kits\10\lib\10.0.26100.0\ucrt\x64" "/LIBPATH:C:\Program Files (x86)\Windows Kits\10\\lib\10.0.26100.0\\um\x64" RVO.lib /EXPORT:PyInit_rvo2 build\temp.win-amd64-cpython-310\Release\src\rvo2.obj /OUT:build\lib.win-amd64-cpython-310\rvo2.cp310-win_amd64.pyd /IMPLIB:build\temp.win-amd64-cpython-310\Release\src\rvo2.cp310-win_amd64.lib
  LINK : fatal error LNK1181: cannot open input file 'RVO.lib'
  error: command 'C:\\Program Files (x86)\\Microsoft Visual Studio\\2022\\BuildTools\\VC\\Tools\\MSVC\\14.44.35207\\bin\\HostX86\\x64\\link.exe' failed with exit code 1181
  error: subprocess-exited-with-error
  
  Building wheel for pyrvo2 (pyproject.toml) did not run successfully.
  exit code: 1
  
  No available output.
  
  note: This error originates from a subprocess, and is likely not a problem with pip.
  full command: 'C:\Users\AmirHossein\AppData\Local\Programs\Python\Python310\python.exe' 'C:\Users\AmirHossein\AppData\Local\Programs\Python\Python310\lib\site-packages\pip\_vendor\pyproject_hooks\_in_process\_in_process.py' build_wheel 'C:\Users\AMIRHO~1\AppData\Local\Temp\tmpxef2gah9'
  cwd: C:\Users\AmirHossein\AppData\Local\Temp\pip-req-build-ghfvg1mc
  Building wheel for pyrvo2 (pyproject.toml): finished with status 'error'
  ERROR: Failed building wheel for pyrvo2
Failed to build pyrvo2
error: failed-wheel-build-for-install

Failed to build installable wheels for some pyproject.toml based projects

pyrvo2
